// Jest Snapshot v1, https://goo.gl/fbAQLP

exports[`Admission requirement fields should match snapshot 1`] = `
<div
  className="components-panel"
>
  <div
    className="components-panel__body is-opened"
  >
    <div
      className="components-flex sc-hLBbgP bCBYrY css-zp26ix-View-Flex-base-ItemsRow e19lxcc00"
      data-wp-c16t={true}
      data-wp-component="Flex"
    >
      <div
        className="components-flex-item sc-dkrFOg dXOgOj css-mw3lhz-View-Item-sx-Base e19lxcc00"
        data-wp-c16t={true}
        data-wp-component="FlexItem"
        fill="half"
      >
        <form>
          <label
            htmlFor="foo"
          >
            <span>
              <span
                className="sc-bcXHqe bKtfDB"
              >
                Admission requirements for Bachelor's/teaching degrees 
              </span>
            </span>
            <input
              aria-labelledby="foo"
            />
          </label>
        </form>
      </div>
      <div
        className="components-flex-item sc-dkrFOg dXOgOj css-mw3lhz-View-Item-sx-Base e19lxcc00"
        data-wp-c16t={true}
        data-wp-component="FlexItem"
        fill="half"
      >
        <form>
          <label
            htmlFor="foo"
          >
            <span>
              <span
                className="sc-bcXHqe bKtfDB"
              >
                Admission requirements for entering a teaching degree at a higher semester 
              </span>
            </span>
            <input
              aria-labelledby="foo"
            />
          </label>
        </form>
      </div>
      <div
        className="components-flex-item sc-dkrFOg kpsgMX css-mw3lhz-View-Item-sx-Base e19lxcc00"
        data-wp-c16t={true}
        data-wp-component="FlexItem"
        fill="full"
      >
        <hr />
      </div>
      <div
        className="components-flex-item sc-dkrFOg kpsgMX css-mw3lhz-View-Item-sx-Base e19lxcc00"
        data-wp-c16t={true}
        data-wp-component="FlexItem"
        fill="full"
      >
        <form>
          <label
            htmlFor="foo"
          >
            <span>
              <span
                className="sc-bcXHqe bKtfDB"
              >
                Admission requirements for Master's degree
              </span>
            </span>
            <input
              aria-labelledby="foo"
            />
          </label>
        </form>
      </div>
      <div
        className="components-flex-item sc-dkrFOg kpsgMX css-mw3lhz-View-Item-sx-Base e19lxcc00"
        data-wp-c16t={true}
        data-wp-component="FlexItem"
        fill="full"
      >
        <div
          className="components-base-control css-ij2po-Wrapper-boxSizingReset ej5x27r4"
        >
          <div
            className="components-base-control__field css-10urnh1-StyledField-deprecatedMarginField ej5x27r3"
          >
            <span
              className="components-base-control__label css-1bhsfm8-StyledVisualLabel-baseLabelTypography-labelStyles ej5x27r0"
            >
              <span
                className="sc-bcXHqe bKtfDB"
              >
                Content-related admission requirements for Master's degree
              </span>
              <p
                className="sc-gswNZR hgMeoo"
              >
                vorausgegangene Bachelorstudiengänge, Qualifikationswerte, etc.
              </p>
            </span>
          </div>
        </div>
      </div>
      <div
        className="components-flex-item sc-dkrFOg kpsgMX css-mw3lhz-View-Item-sx-Base e19lxcc00"
        data-wp-c16t={true}
        data-wp-component="FlexItem"
        fill="full"
      >
        <hr />
      </div>
      <div
        className="components-flex-item sc-dkrFOg kpsgMX css-mw3lhz-View-Item-sx-Base e19lxcc00"
        data-wp-c16t={true}
        data-wp-component="FlexItem"
        fill="full"
      >
        <div
          className="components-base-control css-ij2po-Wrapper-boxSizingReset ej5x27r4"
        >
          <div
            className="components-base-control__field css-10urnh1-StyledField-deprecatedMarginField ej5x27r3"
          >
            <span
              className="components-base-control__label css-1bhsfm8-StyledVisualLabel-baseLabelTypography-labelStyles ej5x27r0"
            >
              <span
                className="sc-bcXHqe bKtfDB"
              >
                Application deadline winter semester
              </span>
              <p
                className="sc-gswNZR hgMeoo"
              >
                Datum im Format TT.MM. angeben. Weitere Termine können im Feld „Details und Anmerkungen“ eingetragen werden.
              </p>
            </span>
            <div
              className="components-base-control c-day-month-picker css-ij2po-Wrapper-boxSizingReset ej5x27r4"
            >
              <div
                className="components-base-control__field css-10urnh1-StyledField-deprecatedMarginField ej5x27r3"
              >
                <input
                  className="components-text-control__input"
                  id="inspector-text-control-2"
                  onChange={[Function]}
                  pattern="((0[1-9]|[12][0-9]|3[01])\\.(0[13578]|1[02])|(0[1-9]|[12][0-9]|30)\\.(0[469]|11)|(0[1-9]|1[0-9]|2[0-8])\\.02)\\."
                  placeholder="TT.MM."
                  type="text"
                  value=""
                />
              </div>
            </div>
          </div>
        </div>
      </div>
      <div
        className="components-flex-item sc-dkrFOg kpsgMX css-mw3lhz-View-Item-sx-Base e19lxcc00"
        data-wp-c16t={true}
        data-wp-component="FlexItem"
        fill="full"
      >
        <div
          className="components-base-control css-ij2po-Wrapper-boxSizingReset ej5x27r4"
        >
          <div
            className="components-base-control__field css-10urnh1-StyledField-deprecatedMarginField ej5x27r3"
          >
            <span
              className="components-base-control__label css-1bhsfm8-StyledVisualLabel-baseLabelTypography-labelStyles ej5x27r0"
            >
              <span
                className="sc-bcXHqe bKtfDB"
              >
                Application deadline summer semester
              </span>
              <p
                className="sc-gswNZR hgMeoo"
              >
                Datum im Format TT.MM. angeben. Weitere Termine können im Feld „Details und Anmerkungen“ eingetragen werden.
              </p>
            </span>
            <div
              className="components-base-control c-day-month-picker css-ij2po-Wrapper-boxSizingReset ej5x27r4"
            >
              <div
                className="components-base-control__field css-10urnh1-StyledField-deprecatedMarginField ej5x27r3"
              >
                <input
                  className="components-text-control__input"
                  id="inspector-text-control-3"
                  onChange={[Function]}
                  pattern="((0[1-9]|[12][0-9]|3[01])\\.(0[13578]|1[02])|(0[1-9]|[12][0-9]|30)\\.(0[469]|11)|(0[1-9]|1[0-9]|2[0-8])\\.02)\\."
                  placeholder="TT.MM."
                  type="text"
                />
              </div>
            </div>
          </div>
        </div>
      </div>
      <div
        className="components-flex-item sc-dkrFOg kpsgMX css-mw3lhz-View-Item-sx-Base e19lxcc00"
        data-wp-c16t={true}
        data-wp-component="FlexItem"
        fill="full"
      >
        <hr />
      </div>
      <div
        className="components-flex-item sc-dkrFOg kpsgMX css-mw3lhz-View-Item-sx-Base e19lxcc00"
        data-wp-c16t={true}
        data-wp-component="FlexItem"
        fill="full"
      >
        <div
          className="components-base-control css-ij2po-Wrapper-boxSizingReset ej5x27r4"
        >
          <div
            className="components-base-control__field css-10urnh1-StyledField-deprecatedMarginField ej5x27r3"
          >
            <span
              className="components-base-control__label css-1bhsfm8-StyledVisualLabel-baseLabelTypography-labelStyles ej5x27r0"
            >
              <span
                className="sc-bcXHqe bKtfDB"
              >
                Details and notes
              </span>
              <p
                className="sc-gswNZR hgMeoo"
              >
                evtl. zusätzliche Infos zu Bewerbung und Einschreibung.
              </p>
            </span>
          </div>
        </div>
      </div>
      <div
        className="components-flex-item sc-dkrFOg kpsgMX css-mw3lhz-View-Item-sx-Base e19lxcc00"
        data-wp-c16t={true}
        data-wp-component="FlexItem"
        fill="full"
      >
        <div
          className="components-base-control css-ij2po-Wrapper-boxSizingReset ej5x27r4"
        >
          <div
            className="components-base-control__field css-10urnh1-StyledField-deprecatedMarginField ej5x27r3"
          >
            <span
              className="components-base-control__label css-1bhsfm8-StyledVisualLabel-baseLabelTypography-labelStyles ej5x27r0"
            >
              <span
                className="sc-bcXHqe bKtfDB"
              >
                Language skills
              </span>
              <p
                className="sc-gswNZR hgMeoo"
              >
                Sprachkenntnisse, die für den Studiengang erforderlich sind.
              </p>
            </span>
          </div>
        </div>
      </div>
      <div
        className="components-flex-item sc-dkrFOg kpsgMX css-mw3lhz-View-Item-sx-Base e19lxcc00"
        data-wp-c16t={true}
        data-wp-component="FlexItem"
        fill="full"
      >
        <div
          className="components-base-control css-ij2po-Wrapper-boxSizingReset ej5x27r4"
        >
          <div
            className="components-base-control__field css-10urnh1-StyledField-deprecatedMarginField ej5x27r3"
          >
            <span
              className="components-base-control__label css-1bhsfm8-StyledVisualLabel-baseLabelTypography-labelStyles ej5x27r0"
            >
              <span
                className="sc-bcXHqe bKtfDB"
              >
                Language skills for Faculty of Humanities, Social Sciences, and Theology only 
              </span>
              <p
                className="sc-gswNZR hgMeoo"
              >
                Sprachkenntnisse, die auch in den ersten Semestern noch erworben werden können.
              </p>
            </span>
          </div>
        </div>
      </div>
      <div
        className="components-flex-item sc-dkrFOg kpsgMX css-mw3lhz-View-Item-sx-Base e19lxcc00"
        data-wp-c16t={true}
        data-wp-component="FlexItem"
        fill="full"
      >
        <form>
          <label
            htmlFor="foo"
          >
            <span>
              <span
                className="sc-bcXHqe bKtfDB"
              >
                Language certificates/German language skills for international applicants
              </span>
            </span>
            <input
              aria-labelledby="foo"
            />
          </label>
        </form>
      </div>
    </div>
  </div>
</div>
`;
